19:06:06 **** Incremental Build of configuration Debug for project Assignment ****
make -j6 all 
arm-none-eabi-gcc "../Core/Src/scheduler.c" -mcpu=cortex-m3 -std=gnu11 -g3 -DDEBUG -DUSE_HAL_DRIVER -DSTM32F103xB -c -I../Core/Inc -I../Drivers/STM32F1xx_HAL_Driver/Inc/Legacy -I../Drivers/STM32F1xx_HAL_Driver/Inc -I../Drivers/CMSIS/Device/ST/STM32F1xx/Include -I../Drivers/CMSIS/Include -O0 -ffunction-sections -fdata-sections -Wall -fstack-usage -fcyclomatic-complexity -MMD -MP -MF"Core/Src/scheduler.d" -MT"Core/Src/scheduler.o" --specs=nano.specs -mfloat-abi=soft -mthumb -o "Core/Src/scheduler.o"
arm-none-eabi-gcc -o "Assignment.elf" @"objects.list"   -mcpu=cortex-m3 -T"D:\BK e-learning\HK231\MCU\assignment\stm32project\STM32F103RBTX_FLASH.ld" --specs=nosys.specs -Wl,-Map="Assignment.map" -Wl,--gc-sections -static --specs=nano.specs -mfloat-abi=soft -mthumb -Wl,--start-group -lc -lm -Wl,--end-group
Finished building target: Assignment.elf
 
arm-none-eabi-size  Assignment.elf 
arm-none-eabi-objdump -h -S Assignment.elf  > "Assignment.list"
   text	   data	    bss	    dec	    hex	filename
  21856	    260	   2516	  24632	   6038	Assignment.elf
arm-none-eabi-objcopy  -O ihex Assignment.elf  "Assignment.hex"
Finished building: default.size.stdout
 
Finished building: Assignment.list
Finished building: Assignment.hex
 
arm-none-eabi-objcopy  -O binary Assignment.elf  "Assignment.bin"
 
Finished building: Assignment.bin
 

19:06:08 Build Finished. 0 errors, 0 warnings. (took 1s.996ms)

