19:24:16 **** Incremental Build of configuration Debug for project Lab4 ****
make -j6 all 
arm-none-eabi-gcc "../Core/Src/fsm_uart.c" -mcpu=cortex-m3 -std=gnu11 -g3 -DDEBUG -DUSE_HAL_DRIVER -DSTM32F103x6 -c -I../Core/Inc -I../Drivers/STM32F1xx_HAL_Driver/Inc/Legacy -I../Drivers/STM32F1xx_HAL_Driver/Inc -I../Drivers/CMSIS/Device/ST/STM32F1xx/Include -I../Drivers/CMSIS/Include -O0 -ffunction-sections -fdata-sections -Wall -fstack-usage -fcyclomatic-complexity -MMD -MP -MF"Core/Src/fsm_uart.d" -MT"Core/Src/fsm_uart.o" --specs=nano.specs -mfloat-abi=soft -mthumb -o "Core/Src/fsm_uart.o"
arm-none-eabi-gcc "../Core/Src/main.c" -mcpu=cortex-m3 -std=gnu11 -g3 -DDEBUG -DUSE_HAL_DRIVER -DSTM32F103x6 -c -I../Core/Inc -I../Drivers/STM32F1xx_HAL_Driver/Inc/Legacy -I../Drivers/STM32F1xx_HAL_Driver/Inc -I../Drivers/CMSIS/Device/ST/STM32F1xx/Include -I../Drivers/CMSIS/Include -O0 -ffunction-sections -fdata-sections -Wall -fstack-usage -fcyclomatic-complexity -MMD -MP -MF"Core/Src/main.d" -MT"Core/Src/main.o" --specs=nano.specs -mfloat-abi=soft -mthumb -o "Core/Src/main.o"
arm-none-eabi-gcc -o "Lab4.elf" @"objects.list"   -mcpu=cortex-m3 -T"D:\BK e-learning\HK231\MCU\MCU_LAB_231\Lab_4\Lab4_STM32\STM32F103C6TX_FLASH.ld" --specs=nosys.specs -Wl,-Map="Lab4.map" -Wl,--gc-sections -static --specs=nano.specs -mfloat-abi=soft -mthumb -Wl,--start-group -lc -lm -Wl,--end-group
Finished building target: Lab4.elf
 
arm-none-eabi-size   Lab4.elf 
arm-none-eabi-objdump -h -S  Lab4.elf  > "Lab4.list"
   text	   data	    bss	    dec	    hex	filename
  16564	    132	   2028	  18724	   4924	Lab4.elf
arm-none-eabi-objcopy  -O ihex  Lab4.elf  "Lab4.hex"
Finished building: default.size.stdout
 
Finished building: Lab4.list
Finished building: Lab4.hex
 
 
