19:51:58 **** Incremental Build of configuration Debug for project Lab1_Ex2 ****
make -j6 all 
arm-none-eabi-gcc "../Core/Src/main.c" -mcpu=cortex-m3 -std=gnu11 -g3 -DDEBUG -DUSE_HAL_DRIVER -DSTM32F103x6 -c -I../Core/Inc -I../Drivers/STM32F1xx_HAL_Driver/Inc -I../Drivers/STM32F1xx_HAL_Driver/Inc/Legacy -I../Drivers/CMSIS/Device/ST/STM32F1xx/Include -I../Drivers/CMSIS/Include -O0 -ffunction-sections -fdata-sections -Wall -fstack-usage -fcyclomatic-complexity -MMD -MP -MF"Core/Src/main.d" -MT"Core/Src/main.o" --specs=nano.specs -mfloat-abi=soft -mthumb -o "Core/Src/main.o"
arm-none-eabi-gcc -o "Lab1_Ex2.elf" @"objects.list"   -mcpu=cortex-m3 -T"D:\BK e-learning\HK231\MCU\MCU_LAB_231\Lab_1\Lab1_STM32\Lab1_Ex2\STM32F103C6TX_FLASH.ld" --specs=nosys.specs -Wl,-Map="Lab1_Ex2.map" -Wl,--gc-sections -static --specs=nano.specs -mfloat-abi=soft -mthumb -Wl,--start-group -lc -lm -Wl,--end-group
Finished building target: Lab1_Ex2.elf
 
arm-none-eabi-size   Lab1_Ex2.elf 
arm-none-eabi-objdump -h -S  Lab1_Ex2.elf  > "Lab1_Ex2.list"
   text	   data	    bss	    dec	    hex	filename
   4668	     20	   1572	   6260	   1874	Lab1_Ex2.elf
arm-none-eabi-objcopy  -O ihex  Lab1_Ex2.elf  "Lab1_Ex2.hex"
Finished building: default.size.stdout
 
Finished building: Lab1_Ex2.list
Finished building: Lab1_Ex2.hex
 
 
