12:57:59 **** Build of configuration Debug for project Lab1_Ex6 ****
make -j6 all 
arm-none-eabi-gcc "../Core/Src/main.c" -mcpu=cortex-m3 -std=gnu11 -g3 -DDEBUG -DUSE_HAL_DRIVER -DSTM32F103x6 -c -I../Core/Inc -I../Drivers/STM32F1xx_HAL_Driver/Inc -I../Drivers/STM32F1xx_HAL_Driver/Inc/Legacy -I../Drivers/CMSIS/Device/ST/STM32F1xx/Include -I../Drivers/CMSIS/Include -O0 -ffunction-sections -fdata-sections -Wall -fstack-usage -fcyclomatic-complexity -MMD -MP -MF"Core/Src/main.d" -MT"Core/Src/main.o" --specs=nano.specs -mfloat-abi=soft -mthumb -o "Core/Src/main.o"
arm-none-eabi-gcc -o "Lab1_Ex6.elf" @"objects.list"   -mcpu=cortex-m3 -T"D:\BK e-learning\HK231\MCU\MCU_LAB_231\Lab_1\Lab1_STM32\Lab1_Ex6\STM32F103C6TX_FLASH.ld" --specs=nosys.specs -Wl,-Map="Lab1_Ex6.map" -Wl,--gc-sections -static --specs=nano.specs -mfloat-abi=soft -mthumb -Wl,--start-group -lc -lm -Wl,--end-group
Finished building target: Lab1_Ex6.elf
 
arm-none-eabi-size   Lab1_Ex6.elf 
arm-none-eabi-objdump -h -S  Lab1_Ex6.elf  > "Lab1_Ex6.list"
   text	   data	    bss	    dec	    hex	filename
   4960	     20	   1572	   6552	   1998	Lab1_Ex6.elf
arm-none-eabi-objcopy  -O ihex  Lab1_Ex6.elf  "Lab1_Ex6.hex"
Finished building: default.size.stdout
 
Finished building: Lab1_Ex6.hex
Finished building: Lab1_Ex6.list
 
 

12:58:01 Build Finished. 0 errors, 0 warnings. (took 2s.26ms)

