15:59:44 **** Incremental Build of configuration Debug for project Lab2_Ex9_Ex10 ****
make -j6 all 
arm-none-eabi-gcc "../Core/Src/main.c" -mcpu=cortex-m3 -std=gnu11 -g3 -DDEBUG -DUSE_HAL_DRIVER -DSTM32F103x6 -c -I../Core/Inc -I../Drivers/STM32F1xx_HAL_Driver/Inc -I../Drivers/STM32F1xx_HAL_Driver/Inc/Legacy -I../Drivers/CMSIS/Device/ST/STM32F1xx/Include -I../Drivers/CMSIS/Include -O0 -ffunction-sections -fdata-sections -Wall -fstack-usage -fcyclomatic-complexity -MMD -MP -MF"Core/Src/main.d" -MT"Core/Src/main.o" --specs=nano.specs -mfloat-abi=soft -mthumb -o "Core/Src/main.o"
arm-none-eabi-gcc -o "Lab2_Ex9_Ex10.elf" @"objects.list"   -mcpu=cortex-m3 -T"D:\BK e-learning\HK231\MCU\MCU_LAB_231\Lab_2\Lab2_STM32\Lab2_Ex9_Ex10\STM32F103C6TX_FLASH.ld" --specs=nosys.specs -Wl,-Map="Lab2_Ex9_Ex10.map" -Wl,--gc-sections -static --specs=nano.specs -mfloat-abi=soft -mthumb -Wl,--start-group -lc -lm -Wl,--end-group
Finished building target: Lab2_Ex9_Ex10.elf
 
arm-none-eabi-size   Lab2_Ex9_Ex10.elf 
arm-none-eabi-objdump -h -S  Lab2_Ex9_Ex10.elf  > "Lab2_Ex9_Ex10.list"
   text	   data	    bss	    dec	    hex	filename
  10340	     20	   1788	  12148	   2f74	Lab2_Ex9_Ex10.elf
arm-none-eabi-objcopy  -O ihex  Lab2_Ex9_Ex10.elf  "Lab2_Ex9_Ex10.hex"
Finished building: default.size.stdout
 
Finished building: Lab2_Ex9_Ex10.list
Finished building: Lab2_Ex9_Ex10.hex
 
 

15:59:45 Build Finished. 0 errors, 0 warnings. (took 1s.558ms)

