12:38:30 **** Incremental Build of configuration Debug for project Lab5 ****
make -j6 all 
arm-none-eabi-gcc "../Core/Src/fsm_auto_run.c" -mcpu=cortex-m3 -std=gnu11 -g3 -DDEBUG -DUSE_HAL_DRIVER -DSTM32F103x6 -c -I../Core/Inc -I../Drivers/STM32F1xx_HAL_Driver/Inc -I../Drivers/STM32F1xx_HAL_Driver/Inc/Legacy -I../Drivers/CMSIS/Device/ST/STM32F1xx/Include -I../Drivers/CMSIS/Include -O0 -ffunction-sections -fdata-sections -Wall -fstack-usage -fcyclomatic-complexity -MMD -MP -MF"Core/Src/fsm_auto_run.d" -MT"Core/Src/fsm_auto_run.o" --specs=nano.specs -mfloat-abi=soft -mthumb -o "Core/Src/fsm_auto_run.o"
arm-none-eabi-gcc "../Core/Src/main.c" -mcpu=cortex-m3 -std=gnu11 -g3 -DDEBUG -DUSE_HAL_DRIVER -DSTM32F103x6 -c -I../Core/Inc -I../Drivers/STM32F1xx_HAL_Driver/Inc -I../Drivers/STM32F1xx_HAL_Driver/Inc/Legacy -I../Drivers/CMSIS/Device/ST/STM32F1xx/Include -I../Drivers/CMSIS/Include -O0 -ffunction-sections -fdata-sections -Wall -fstack-usage -fcyclomatic-complexity -MMD -MP -MF"Core/Src/main.d" -MT"Core/Src/main.o" --specs=nano.specs -mfloat-abi=soft -mthumb -o "Core/Src/main.o"
arm-none-eabi-gcc -o "Lab5.elf" @"objects.list"   -mcpu=cortex-m3 -T"D:\BK e-learning\HK231\MCU\MCU_LAB_231\Lab_5\Lab5_STM32\Lab5\STM32F103C6TX_FLASH.ld" --specs=nosys.specs -Wl,-Map="Lab5.map" -Wl,--gc-sections -static --specs=nano.specs -mfloat-abi=soft -mthumb -Wl,--start-group -lc -lm -Wl,--end-group
Finished building target: Lab5.elf
 
arm-none-eabi-size   Lab5.elf 
arm-none-eabi-objdump -h -S  Lab5.elf  > "Lab5.list"
   text	   data	    bss	    dec	    hex	filename
  15136	    120	   1952	  17208	   4338	Lab5.elf
arm-none-eabi-objcopy  -O ihex  Lab5.elf  "Lab5.hex"
Finished building: default.size.stdout
 
Finished building: Lab5.list
Finished building: Lab5.hex
 
 

12:38:32 Build Finished. 0 errors, 0 warnings. (took 1s.589ms)

